---
source: xee-xpath-compiler/src/ast_ir.rs
assertion_line: 877
expression: "convert_xpath(\"()\")"
---
Ok(
    Spanned {
        value: FunctionDefinition(
            FunctionDefinition {
                declared_name: None,
                params: [
                    Param {
                        name: Name(
                            "v0",
                        ),
                        type_: None,
                        default: None,
                        required: false,
                        original_name: None,
                        tunnel: false,
                    },
                    Param {
                        name: Name(
                            "v1",
                        ),
                        type_: None,
                        default: None,
                        required: false,
                        original_name: None,
                        tunnel: false,
                    },
                    Param {
                        name: Name(
                            "v2",
                        ),
                        type_: None,
                        default: None,
                        required: false,
                        original_name: None,
                        tunnel: false,
                    },
                ],
                return_type: None,
                body: Spanned {
                    value: Atom(
                        Spanned {
                            value: Const(
                                EmptySequence,
                            ),
                            span: 0..2,
                        },
                    ),
                    span: 0..2,
                },
            },
        ),
        span: 0..2,
    },
)
